<?xml version="1.0" encoding="UTF-8"?>
<testsuites name="Mocha Tests" time="1.5470" tests="127" failures="11">
  <testsuite name="Root Suite" timestamp="2021-06-16T09:03:25" tests="0" time="0.0000" failures="0">
  </testsuite>
  <testsuite name="Server API" timestamp="2021-06-16T09:03:25" tests="0" file="C:\Users\Admin\Desktop\Programming\NodeJsMochaChai\test\tasks.js" time="0.0000" failures="0">
  </testsuite>
  <testsuite name="POST  New /client" timestamp="2021-06-16T09:03:25" tests="1" file="C:\Users\Admin\Desktop\Programming\NodeJsMochaChai\test\tasks.js" time="0.3710" failures="1">
    <testcase name="Server API POST  New /client It should NOT POST a new client, because of client data limitations less then 1" time="0.3710" classname="It should NOT POST a new client, because of client data limitations less then 1">
      <failure message="expected { Object (_events, _eventsCount, ...) } to have status code &apos;400&apos; but got 201" type="AssertionError"><![CDATA[AssertionError: expected { Object (_events, _eventsCount, ...) } to have status code '400' but got 201
    at C:\Users\Admin\Desktop\Programming\NodeJsMochaChai\test\tasks.js:28:46
    at Test.Request.callback (node_modules\superagent\lib\node\index.js:716:12)
    at IncomingMessage.<anonymous> (node_modules\superagent\lib\node\index.js:916:18)
    at endReadableNT (internal/streams/readable.js:1327:12)
    at processTicksAndRejections (internal/process/task_queues.js:80:21)]]></failure>
    </testcase>
  </testsuite>
  <testsuite name="POST  New /client" timestamp="2021-06-16T09:03:25" tests="1" file="C:\Users\Admin\Desktop\Programming\NodeJsMochaChai\test\tasks.js" time="0.0180" failures="0">
    <testcase name="Server API POST  New /client It should NOT POST a new client, because of client data limitations more then 11" time="0.0180" classname="It should NOT POST a new client, because of client data limitations more then 11">
    </testcase>
  </testsuite>
  <testsuite name="POST  New /client" timestamp="2021-06-16T09:03:25" tests="1" file="C:\Users\Admin\Desktop\Programming\NodeJsMochaChai\test\tasks.js" time="0.0110" failures="1">
    <testcase name="Server API POST  New /client It should NOT POST a new client, because of client data limitations missing id" time="0.0110" classname="It should NOT POST a new client, because of client data limitations missing id">
      <failure message="expected { Object (_events, _eventsCount, ...) } to have status code &apos;400&apos; but got 409" type="AssertionError"><![CDATA[AssertionError: expected { Object (_events, _eventsCount, ...) } to have status code '400' but got 409
    at C:\Users\Admin\Desktop\Programming\NodeJsMochaChai\test\tasks.js:28:46
    at Test.Request.callback (node_modules\superagent\lib\node\index.js:716:12)
    at IncomingMessage.<anonymous> (node_modules\superagent\lib\node\index.js:916:18)
    at endReadableNT (internal/streams/readable.js:1327:12)
    at processTicksAndRejections (internal/process/task_queues.js:80:21)]]></failure>
    </testcase>
  </testsuite>
  <testsuite name="POST  New /client" timestamp="2021-06-16T09:03:25" tests="1" file="C:\Users\Admin\Desktop\Programming\NodeJsMochaChai\test\tasks.js" time="0.0060" failures="0">
    <testcase name="Server API POST  New /client It should NOT POST a new client, because of client data limitations missing name" time="0.0060" classname="It should NOT POST a new client, because of client data limitations missing name">
    </testcase>
  </testsuite>
  <testsuite name="POST  New /client" timestamp="2021-06-16T09:03:25" tests="1" file="C:\Users\Admin\Desktop\Programming\NodeJsMochaChai\test\tasks.js" time="0.0060" failures="0">
    <testcase name="Server API POST  New /client It should NOT POST a new client, because of client data limitations missing surname" time="0.0060" classname="It should NOT POST a new client, because of client data limitations missing surname">
    </testcase>
  </testsuite>
  <testsuite name="POST  New /client" timestamp="2021-06-16T09:03:25" tests="1" file="C:\Users\Admin\Desktop\Programming\NodeJsMochaChai\test\tasks.js" time="0.0070" failures="0">
    <testcase name="Server API POST  New /client It should NOT POST a new client, because of client data limitations missing email" time="0.0070" classname="It should NOT POST a new client, because of client data limitations missing email">
    </testcase>
  </testsuite>
  <testsuite name="POST  New /client" timestamp="2021-06-16T09:03:25" tests="1" file="C:\Users\Admin\Desktop\Programming\NodeJsMochaChai\test\tasks.js" time="0.0050" failures="0">
    <testcase name="Server API POST  New /client It should NOT POST a new client, because of client data limitations Name over 20 " time="0.0050" classname="It should NOT POST a new client, because of client data limitations Name over 20 ">
    </testcase>
  </testsuite>
  <testsuite name="POST  New /client" timestamp="2021-06-16T09:03:25" tests="1" file="C:\Users\Admin\Desktop\Programming\NodeJsMochaChai\test\tasks.js" time="0.0060" failures="0">
    <testcase name="Server API POST  New /client It should NOT POST a new client, because of client data limitations surname over 20" time="0.0060" classname="It should NOT POST a new client, because of client data limitations surname over 20">
    </testcase>
  </testsuite>
  <testsuite name="POST  New /client" timestamp="2021-06-16T09:03:25" tests="1" file="C:\Users\Admin\Desktop\Programming\NodeJsMochaChai\test\tasks.js" time="0.0110" failures="1">
    <testcase name="Server API POST  New /client It should NOT POST a new client, because of client data limitations wrong email format" time="0.0110" classname="It should NOT POST a new client, because of client data limitations wrong email format">
      <failure message="expected { Object (_events, _eventsCount, ...) } to have status code &apos;400&apos; but got 201" type="AssertionError"><![CDATA[AssertionError: expected { Object (_events, _eventsCount, ...) } to have status code '400' but got 201
    at C:\Users\Admin\Desktop\Programming\NodeJsMochaChai\test\tasks.js:28:46
    at Test.Request.callback (node_modules\superagent\lib\node\index.js:716:12)
    at IncomingMessage.<anonymous> (node_modules\superagent\lib\node\index.js:916:18)
    at endReadableNT (internal/streams/readable.js:1327:12)
    at processTicksAndRejections (internal/process/task_queues.js:80:21)]]></failure>
    </testcase>
  </testsuite>
  <testsuite name="POST  New /client" timestamp="2021-06-16T09:03:25" tests="1" file="C:\Users\Admin\Desktop\Programming\NodeJsMochaChai\test\tasks.js" time="0.0060" failures="0">
    <testcase name="Server API POST  New /client It should NOT POST a new client, because of client data limitations too long email" time="0.0060" classname="It should NOT POST a new client, because of client data limitations too long email">
    </testcase>
  </testsuite>
  <testsuite name="POST  New /client" timestamp="2021-06-16T09:03:25" tests="1" file="C:\Users\Admin\Desktop\Programming\NodeJsMochaChai\test\tasks.js" time="0.0110" failures="0">
    <testcase name="Server API POST  New /client It should NOT POST a new client, because of client data limitations unwanted key provided" time="0.0110" classname="It should NOT POST a new client, because of client data limitations unwanted key provided">
    </testcase>
  </testsuite>
  <testsuite name="POST  New /client" timestamp="2021-06-16T09:03:25" tests="1" file="C:\Users\Admin\Desktop\Programming\NodeJsMochaChai\test\tasks.js" time="0.0140" failures="1">
    <testcase name="Server API POST  New /client It should POST a new client with id 1" time="0.0140" classname="It should POST a new client with id 1">
      <failure message="expected { Object (_events, _eventsCount, ...) } to have status code 201 but got 409" type="AssertionError"><![CDATA[AssertionError: expected { Object (_events, _eventsCount, ...) } to have status code 201 but got 409
    at C:\Users\Admin\Desktop\Programming\NodeJsMochaChai\test\tasks.js:49:42
    at Test.Request.callback (node_modules\superagent\lib\node\index.js:716:12)
    at IncomingMessage.<anonymous> (node_modules\superagent\lib\node\index.js:916:18)
    at endReadableNT (internal/streams/readable.js:1327:12)
    at processTicksAndRejections (internal/process/task_queues.js:80:21)]]></failure>
    </testcase>
  </testsuite>
  <testsuite name="POST  New /client" timestamp="2021-06-16T09:03:25" tests="1" file="C:\Users\Admin\Desktop\Programming\NodeJsMochaChai\test\tasks.js" time="0.0080" failures="0">
    <testcase name="Server API POST  New /client It should POST a new client with id 2" time="0.0080" classname="It should POST a new client with id 2">
    </testcase>
  </testsuite>
  <testsuite name="POST  New /client" timestamp="2021-06-16T09:03:25" tests="1" file="C:\Users\Admin\Desktop\Programming\NodeJsMochaChai\test\tasks.js" time="0.0070" failures="0">
    <testcase name="Server API POST  New /client It should POST a new client with id 3" time="0.0070" classname="It should POST a new client with id 3">
    </testcase>
  </testsuite>
  <testsuite name="POST  New /client" timestamp="2021-06-16T09:03:25" tests="1" file="C:\Users\Admin\Desktop\Programming\NodeJsMochaChai\test\tasks.js" time="0.0050" failures="0">
    <testcase name="Server API POST  New /client It should POST a new client with id 4" time="0.0050" classname="It should POST a new client with id 4">
    </testcase>
  </testsuite>
  <testsuite name="POST  New /client" timestamp="2021-06-16T09:03:25" tests="1" file="C:\Users\Admin\Desktop\Programming\NodeJsMochaChai\test\tasks.js" time="0.0060" failures="0">
    <testcase name="Server API POST  New /client It should POST a new client with id 5" time="0.0060" classname="It should POST a new client with id 5">
    </testcase>
  </testsuite>
  <testsuite name="POST  New /client" timestamp="2021-06-16T09:03:25" tests="1" file="C:\Users\Admin\Desktop\Programming\NodeJsMochaChai\test\tasks.js" time="0.0050" failures="0">
    <testcase name="Server API POST  New /client It should POST a new client with id 6" time="0.0050" classname="It should POST a new client with id 6">
    </testcase>
  </testsuite>
  <testsuite name="POST  New /client" timestamp="2021-06-16T09:03:25" tests="1" file="C:\Users\Admin\Desktop\Programming\NodeJsMochaChai\test\tasks.js" time="0.0060" failures="0">
    <testcase name="Server API POST  New /client It should POST a new client with id 7" time="0.0060" classname="It should POST a new client with id 7">
    </testcase>
  </testsuite>
  <testsuite name="POST  New /client" timestamp="2021-06-16T09:03:25" tests="1" file="C:\Users\Admin\Desktop\Programming\NodeJsMochaChai\test\tasks.js" time="0.0050" failures="0">
    <testcase name="Server API POST  New /client It should POST a new client with id 8" time="0.0050" classname="It should POST a new client with id 8">
    </testcase>
  </testsuite>
  <testsuite name="POST  New /client" timestamp="2021-06-16T09:03:25" tests="1" file="C:\Users\Admin\Desktop\Programming\NodeJsMochaChai\test\tasks.js" time="0.0050" failures="0">
    <testcase name="Server API POST  New /client It should POST a new client with id 9" time="0.0050" classname="It should POST a new client with id 9">
    </testcase>
  </testsuite>
  <testsuite name="POST  New /client" timestamp="2021-06-16T09:03:25" tests="1" file="C:\Users\Admin\Desktop\Programming\NodeJsMochaChai\test\tasks.js" time="0.0050" failures="0">
    <testcase name="Server API POST  New /client It should POST a new client with id 10" time="0.0050" classname="It should POST a new client with id 10">
    </testcase>
  </testsuite>
  <testsuite name="POST  New /client" timestamp="2021-06-16T09:03:25" tests="1" file="C:\Users\Admin\Desktop\Programming\NodeJsMochaChai\test\tasks.js" time="0.0050" failures="0">
    <testcase name="Server API POST  New /client It should POST a new client with id 11" time="0.0050" classname="It should POST a new client with id 11">
    </testcase>
  </testsuite>
  <testsuite name="POST  New /client" timestamp="2021-06-16T09:03:25" tests="1" file="C:\Users\Admin\Desktop\Programming\NodeJsMochaChai\test\tasks.js" time="0.0050" failures="0">
    <testcase name="Server API POST  New /client It should POST a new client with id 12" time="0.0050" classname="It should POST a new client with id 12">
    </testcase>
  </testsuite>
  <testsuite name="POST  New /client" timestamp="2021-06-16T09:03:25" tests="1" file="C:\Users\Admin\Desktop\Programming\NodeJsMochaChai\test\tasks.js" time="0.0060" failures="0">
    <testcase name="Server API POST  New /client It should POST a new client with id 13" time="0.0060" classname="It should POST a new client with id 13">
    </testcase>
  </testsuite>
  <testsuite name="POST  New /client" timestamp="2021-06-16T09:03:25" tests="1" file="C:\Users\Admin\Desktop\Programming\NodeJsMochaChai\test\tasks.js" time="0.0060" failures="0">
    <testcase name="Server API POST  New /client It should POST a new client with id 14" time="0.0060" classname="It should POST a new client with id 14">
    </testcase>
  </testsuite>
  <testsuite name="POST  New /client" timestamp="2021-06-16T09:03:25" tests="1" file="C:\Users\Admin\Desktop\Programming\NodeJsMochaChai\test\tasks.js" time="0.0050" failures="0">
    <testcase name="Server API POST  New /client It should POST a new client with id 15" time="0.0050" classname="It should POST a new client with id 15">
    </testcase>
  </testsuite>
  <testsuite name="POST  New /client" timestamp="2021-06-16T09:03:25" tests="1" file="C:\Users\Admin\Desktop\Programming\NodeJsMochaChai\test\tasks.js" time="0.0060" failures="0">
    <testcase name="Server API POST  New /client It should POST a new client with id 16" time="0.0060" classname="It should POST a new client with id 16">
    </testcase>
  </testsuite>
  <testsuite name="POST  New /client" timestamp="2021-06-16T09:03:25" tests="1" file="C:\Users\Admin\Desktop\Programming\NodeJsMochaChai\test\tasks.js" time="0.0050" failures="0">
    <testcase name="Server API POST  New /client It should POST a new client with id 17" time="0.0050" classname="It should POST a new client with id 17">
    </testcase>
  </testsuite>
  <testsuite name="POST  New /client" timestamp="2021-06-16T09:03:25" tests="1" file="C:\Users\Admin\Desktop\Programming\NodeJsMochaChai\test\tasks.js" time="0.0060" failures="0">
    <testcase name="Server API POST  New /client It should POST a new client with id 18" time="0.0060" classname="It should POST a new client with id 18">
    </testcase>
  </testsuite>
  <testsuite name="POST  New /client" timestamp="2021-06-16T09:03:25" tests="1" file="C:\Users\Admin\Desktop\Programming\NodeJsMochaChai\test\tasks.js" time="0.0050" failures="0">
    <testcase name="Server API POST  New /client It should POST a new client with id 19" time="0.0050" classname="It should POST a new client with id 19">
    </testcase>
  </testsuite>
  <testsuite name="POST  New /client" timestamp="2021-06-16T09:03:25" tests="1" file="C:\Users\Admin\Desktop\Programming\NodeJsMochaChai\test\tasks.js" time="0.0060" failures="0">
    <testcase name="Server API POST  New /client It should POST a new client with id 20" time="0.0060" classname="It should POST a new client with id 20">
    </testcase>
  </testsuite>
  <testsuite name="POST  New /client" timestamp="2021-06-16T09:03:25" tests="1" file="C:\Users\Admin\Desktop\Programming\NodeJsMochaChai\test\tasks.js" time="0.0060" failures="0">
    <testcase name="Server API POST  New /client It should POST a new client with id 21" time="0.0060" classname="It should POST a new client with id 21">
    </testcase>
  </testsuite>
  <testsuite name="POST  New /client" timestamp="2021-06-16T09:03:25" tests="1" file="C:\Users\Admin\Desktop\Programming\NodeJsMochaChai\test\tasks.js" time="0.0040" failures="0">
    <testcase name="Server API POST  New /client It should POST a new client with id 22" time="0.0040" classname="It should POST a new client with id 22">
    </testcase>
  </testsuite>
  <testsuite name="POST  New /client" timestamp="2021-06-16T09:03:25" tests="1" file="C:\Users\Admin\Desktop\Programming\NodeJsMochaChai\test\tasks.js" time="0.0050" failures="0">
    <testcase name="Server API POST  New /client It should POST a new client with id 23" time="0.0050" classname="It should POST a new client with id 23">
    </testcase>
  </testsuite>
  <testsuite name="POST  New /client" timestamp="2021-06-16T09:03:25" tests="1" file="C:\Users\Admin\Desktop\Programming\NodeJsMochaChai\test\tasks.js" time="0.0050" failures="0">
    <testcase name="Server API POST  New /client It should POST a new client with id 24" time="0.0050" classname="It should POST a new client with id 24">
    </testcase>
  </testsuite>
  <testsuite name="POST  New /client" timestamp="2021-06-16T09:03:25" tests="1" file="C:\Users\Admin\Desktop\Programming\NodeJsMochaChai\test\tasks.js" time="0.0050" failures="0">
    <testcase name="Server API POST  New /client It should POST a new client with id 25" time="0.0050" classname="It should POST a new client with id 25">
    </testcase>
  </testsuite>
  <testsuite name="POST  New /client" timestamp="2021-06-16T09:03:25" tests="1" file="C:\Users\Admin\Desktop\Programming\NodeJsMochaChai\test\tasks.js" time="0.0050" failures="0">
    <testcase name="Server API POST  New /client It should POST a new client with id 26" time="0.0050" classname="It should POST a new client with id 26">
    </testcase>
  </testsuite>
  <testsuite name="POST  New /client" timestamp="2021-06-16T09:03:25" tests="1" file="C:\Users\Admin\Desktop\Programming\NodeJsMochaChai\test\tasks.js" time="0.0050" failures="0">
    <testcase name="Server API POST  New /client It should POST a new client with id 27" time="0.0050" classname="It should POST a new client with id 27">
    </testcase>
  </testsuite>
  <testsuite name="POST  New /client" timestamp="2021-06-16T09:03:25" tests="1" file="C:\Users\Admin\Desktop\Programming\NodeJsMochaChai\test\tasks.js" time="0.0040" failures="0">
    <testcase name="Server API POST  New /client It should POST a new client with id 28" time="0.0040" classname="It should POST a new client with id 28">
    </testcase>
  </testsuite>
  <testsuite name="POST  New /client" timestamp="2021-06-16T09:03:26" tests="1" file="C:\Users\Admin\Desktop\Programming\NodeJsMochaChai\test\tasks.js" time="0.0040" failures="0">
    <testcase name="Server API POST  New /client It should POST a new client with id 29" time="0.0040" classname="It should POST a new client with id 29">
    </testcase>
  </testsuite>
  <testsuite name="POST  New /client" timestamp="2021-06-16T09:03:26" tests="1" file="C:\Users\Admin\Desktop\Programming\NodeJsMochaChai\test\tasks.js" time="0.0050" failures="0">
    <testcase name="Server API POST  New /client It should POST a new client with id 30" time="0.0050" classname="It should POST a new client with id 30">
    </testcase>
  </testsuite>
  <testsuite name="POST  New /client" timestamp="2021-06-16T09:03:26" tests="1" file="C:\Users\Admin\Desktop\Programming\NodeJsMochaChai\test\tasks.js" time="0.0050" failures="0">
    <testcase name="Server API POST  New /client It should POST a new client with id 31" time="0.0050" classname="It should POST a new client with id 31">
    </testcase>
  </testsuite>
  <testsuite name="POST  New /client" timestamp="2021-06-16T09:03:26" tests="1" file="C:\Users\Admin\Desktop\Programming\NodeJsMochaChai\test\tasks.js" time="0.0060" failures="0">
    <testcase name="Server API POST  New /client It should POST a new client with id 32" time="0.0060" classname="It should POST a new client with id 32">
    </testcase>
  </testsuite>
  <testsuite name="POST  New /client" timestamp="2021-06-16T09:03:26" tests="1" file="C:\Users\Admin\Desktop\Programming\NodeJsMochaChai\test\tasks.js" time="0.0070" failures="0">
    <testcase name="Server API POST  New /client It should POST a new client with id 33" time="0.0070" classname="It should POST a new client with id 33">
    </testcase>
  </testsuite>
  <testsuite name="POST  New /client" timestamp="2021-06-16T09:03:26" tests="1" file="C:\Users\Admin\Desktop\Programming\NodeJsMochaChai\test\tasks.js" time="0.0050" failures="0">
    <testcase name="Server API POST  New /client It should POST a new client with id 34" time="0.0050" classname="It should POST a new client with id 34">
    </testcase>
  </testsuite>
  <testsuite name="POST  New /client" timestamp="2021-06-16T09:03:26" tests="1" file="C:\Users\Admin\Desktop\Programming\NodeJsMochaChai\test\tasks.js" time="0.0050" failures="0">
    <testcase name="Server API POST  New /client It should POST a new client with id 35" time="0.0050" classname="It should POST a new client with id 35">
    </testcase>
  </testsuite>
  <testsuite name="POST  New /client" timestamp="2021-06-16T09:03:26" tests="1" file="C:\Users\Admin\Desktop\Programming\NodeJsMochaChai\test\tasks.js" time="0.0050" failures="0">
    <testcase name="Server API POST  New /client It should POST a new client with id 36" time="0.0050" classname="It should POST a new client with id 36">
    </testcase>
  </testsuite>
  <testsuite name="POST  New /client" timestamp="2021-06-16T09:03:26" tests="1" file="C:\Users\Admin\Desktop\Programming\NodeJsMochaChai\test\tasks.js" time="0.0060" failures="0">
    <testcase name="Server API POST  New /client It should POST a new client with id 37" time="0.0060" classname="It should POST a new client with id 37">
    </testcase>
  </testsuite>
  <testsuite name="POST  New /client" timestamp="2021-06-16T09:03:26" tests="1" file="C:\Users\Admin\Desktop\Programming\NodeJsMochaChai\test\tasks.js" time="0.0070" failures="0">
    <testcase name="Server API POST  New /client It should POST a new client with id 38" time="0.0070" classname="It should POST a new client with id 38">
    </testcase>
  </testsuite>
  <testsuite name="POST  New /client" timestamp="2021-06-16T09:03:26" tests="1" file="C:\Users\Admin\Desktop\Programming\NodeJsMochaChai\test\tasks.js" time="0.0040" failures="0">
    <testcase name="Server API POST  New /client It should POST a new client with id 39" time="0.0040" classname="It should POST a new client with id 39">
    </testcase>
  </testsuite>
  <testsuite name="POST  New /client" timestamp="2021-06-16T09:03:26" tests="1" file="C:\Users\Admin\Desktop\Programming\NodeJsMochaChai\test\tasks.js" time="0.0040" failures="0">
    <testcase name="Server API POST  New /client It should POST a new client with id 40" time="0.0040" classname="It should POST a new client with id 40">
    </testcase>
  </testsuite>
  <testsuite name="POST  New /client" timestamp="2021-06-16T09:03:26" tests="1" file="C:\Users\Admin\Desktop\Programming\NodeJsMochaChai\test\tasks.js" time="0.0050" failures="0">
    <testcase name="Server API POST  New /client It should POST a new client with id 41" time="0.0050" classname="It should POST a new client with id 41">
    </testcase>
  </testsuite>
  <testsuite name="POST  New /client" timestamp="2021-06-16T09:03:26" tests="1" file="C:\Users\Admin\Desktop\Programming\NodeJsMochaChai\test\tasks.js" time="0.0050" failures="0">
    <testcase name="Server API POST  New /client It should POST a new client with id 42" time="0.0050" classname="It should POST a new client with id 42">
    </testcase>
  </testsuite>
  <testsuite name="POST  New /client" timestamp="2021-06-16T09:03:26" tests="1" file="C:\Users\Admin\Desktop\Programming\NodeJsMochaChai\test\tasks.js" time="0.0050" failures="0">
    <testcase name="Server API POST  New /client It should POST a new client with id 43" time="0.0050" classname="It should POST a new client with id 43">
    </testcase>
  </testsuite>
  <testsuite name="POST  New /client" timestamp="2021-06-16T09:03:26" tests="1" file="C:\Users\Admin\Desktop\Programming\NodeJsMochaChai\test\tasks.js" time="0.0060" failures="0">
    <testcase name="Server API POST  New /client It should POST a new client with id 44" time="0.0060" classname="It should POST a new client with id 44">
    </testcase>
  </testsuite>
  <testsuite name="POST  New /client" timestamp="2021-06-16T09:03:26" tests="1" file="C:\Users\Admin\Desktop\Programming\NodeJsMochaChai\test\tasks.js" time="0.0040" failures="0">
    <testcase name="Server API POST  New /client It should POST a new client with id 45" time="0.0040" classname="It should POST a new client with id 45">
    </testcase>
  </testsuite>
  <testsuite name="POST  New /client" timestamp="2021-06-16T09:03:26" tests="1" file="C:\Users\Admin\Desktop\Programming\NodeJsMochaChai\test\tasks.js" time="0.0050" failures="0">
    <testcase name="Server API POST  New /client It should POST a new client with id 46" time="0.0050" classname="It should POST a new client with id 46">
    </testcase>
  </testsuite>
  <testsuite name="POST  New /client" timestamp="2021-06-16T09:03:26" tests="1" file="C:\Users\Admin\Desktop\Programming\NodeJsMochaChai\test\tasks.js" time="0.0060" failures="0">
    <testcase name="Server API POST  New /client It should POST a new client with id 47" time="0.0060" classname="It should POST a new client with id 47">
    </testcase>
  </testsuite>
  <testsuite name="POST  New /client" timestamp="2021-06-16T09:03:26" tests="1" file="C:\Users\Admin\Desktop\Programming\NodeJsMochaChai\test\tasks.js" time="0.0050" failures="0">
    <testcase name="Server API POST  New /client It should POST a new client with id 48" time="0.0050" classname="It should POST a new client with id 48">
    </testcase>
  </testsuite>
  <testsuite name="POST  New /client" timestamp="2021-06-16T09:03:26" tests="1" file="C:\Users\Admin\Desktop\Programming\NodeJsMochaChai\test\tasks.js" time="0.0040" failures="0">
    <testcase name="Server API POST  New /client It should POST a new client with id 49" time="0.0040" classname="It should POST a new client with id 49">
    </testcase>
  </testsuite>
  <testsuite name="POST  New /client" timestamp="2021-06-16T09:03:26" tests="1" file="C:\Users\Admin\Desktop\Programming\NodeJsMochaChai\test\tasks.js" time="0.0060" failures="0">
    <testcase name="Server API POST  New /client It should POST a new client with id 50" time="0.0060" classname="It should POST a new client with id 50">
    </testcase>
  </testsuite>
  <testsuite name="POST  New /client" timestamp="2021-06-16T09:03:26" tests="1" file="C:\Users\Admin\Desktop\Programming\NodeJsMochaChai\test\tasks.js" time="0.0050" failures="0">
    <testcase name="Server API POST  New /client It should POST a new client with id 51" time="0.0050" classname="It should POST a new client with id 51">
    </testcase>
  </testsuite>
  <testsuite name="POST  New /client" timestamp="2021-06-16T09:03:26" tests="1" file="C:\Users\Admin\Desktop\Programming\NodeJsMochaChai\test\tasks.js" time="0.0050" failures="0">
    <testcase name="Server API POST  New /client It should POST a new client with id 52" time="0.0050" classname="It should POST a new client with id 52">
    </testcase>
  </testsuite>
  <testsuite name="POST  New /client" timestamp="2021-06-16T09:03:26" tests="1" file="C:\Users\Admin\Desktop\Programming\NodeJsMochaChai\test\tasks.js" time="0.0070" failures="0">
    <testcase name="Server API POST  New /client It should POST a new client with id 53" time="0.0070" classname="It should POST a new client with id 53">
    </testcase>
  </testsuite>
  <testsuite name="POST  New /client" timestamp="2021-06-16T09:03:26" tests="1" file="C:\Users\Admin\Desktop\Programming\NodeJsMochaChai\test\tasks.js" time="0.0040" failures="0">
    <testcase name="Server API POST  New /client It should POST a new client with id 54" time="0.0040" classname="It should POST a new client with id 54">
    </testcase>
  </testsuite>
  <testsuite name="POST  New /client" timestamp="2021-06-16T09:03:26" tests="1" file="C:\Users\Admin\Desktop\Programming\NodeJsMochaChai\test\tasks.js" time="0.0040" failures="0">
    <testcase name="Server API POST  New /client It should POST a new client with id 55" time="0.0040" classname="It should POST a new client with id 55">
    </testcase>
  </testsuite>
  <testsuite name="POST  New /client" timestamp="2021-06-16T09:03:26" tests="1" file="C:\Users\Admin\Desktop\Programming\NodeJsMochaChai\test\tasks.js" time="0.0060" failures="0">
    <testcase name="Server API POST  New /client It should POST a new client with id 56" time="0.0060" classname="It should POST a new client with id 56">
    </testcase>
  </testsuite>
  <testsuite name="POST  New /client" timestamp="2021-06-16T09:03:26" tests="1" file="C:\Users\Admin\Desktop\Programming\NodeJsMochaChai\test\tasks.js" time="0.0050" failures="0">
    <testcase name="Server API POST  New /client It should POST a new client with id 57" time="0.0050" classname="It should POST a new client with id 57">
    </testcase>
  </testsuite>
  <testsuite name="POST  New /client" timestamp="2021-06-16T09:03:26" tests="1" file="C:\Users\Admin\Desktop\Programming\NodeJsMochaChai\test\tasks.js" time="0.0050" failures="0">
    <testcase name="Server API POST  New /client It should POST a new client with id 58" time="0.0050" classname="It should POST a new client with id 58">
    </testcase>
  </testsuite>
  <testsuite name="POST  New /client" timestamp="2021-06-16T09:03:26" tests="1" file="C:\Users\Admin\Desktop\Programming\NodeJsMochaChai\test\tasks.js" time="0.0100" failures="0">
    <testcase name="Server API POST  New /client It should POST a new client with id 59" time="0.0100" classname="It should POST a new client with id 59">
    </testcase>
  </testsuite>
  <testsuite name="POST  New /client" timestamp="2021-06-16T09:03:26" tests="1" file="C:\Users\Admin\Desktop\Programming\NodeJsMochaChai\test\tasks.js" time="0.0060" failures="0">
    <testcase name="Server API POST  New /client It should POST a new client with id 60" time="0.0060" classname="It should POST a new client with id 60">
    </testcase>
  </testsuite>
  <testsuite name="POST  New /client" timestamp="2021-06-16T09:03:26" tests="1" file="C:\Users\Admin\Desktop\Programming\NodeJsMochaChai\test\tasks.js" time="0.0060" failures="0">
    <testcase name="Server API POST  New /client It should POST a new client with id 61" time="0.0060" classname="It should POST a new client with id 61">
    </testcase>
  </testsuite>
  <testsuite name="POST  New /client" timestamp="2021-06-16T09:03:26" tests="1" file="C:\Users\Admin\Desktop\Programming\NodeJsMochaChai\test\tasks.js" time="0.0060" failures="0">
    <testcase name="Server API POST  New /client It should POST a new client with id 62" time="0.0060" classname="It should POST a new client with id 62">
    </testcase>
  </testsuite>
  <testsuite name="POST  New /client" timestamp="2021-06-16T09:03:26" tests="1" file="C:\Users\Admin\Desktop\Programming\NodeJsMochaChai\test\tasks.js" time="0.0090" failures="0">
    <testcase name="Server API POST  New /client It should POST a new client with id 63" time="0.0090" classname="It should POST a new client with id 63">
    </testcase>
  </testsuite>
  <testsuite name="POST  New /client" timestamp="2021-06-16T09:03:26" tests="1" file="C:\Users\Admin\Desktop\Programming\NodeJsMochaChai\test\tasks.js" time="0.0050" failures="0">
    <testcase name="Server API POST  New /client It should POST a new client with id 64" time="0.0050" classname="It should POST a new client with id 64">
    </testcase>
  </testsuite>
  <testsuite name="POST  New /client" timestamp="2021-06-16T09:03:26" tests="1" file="C:\Users\Admin\Desktop\Programming\NodeJsMochaChai\test\tasks.js" time="0.0070" failures="0">
    <testcase name="Server API POST  New /client It should POST a new client with id 65" time="0.0070" classname="It should POST a new client with id 65">
    </testcase>
  </testsuite>
  <testsuite name="POST  New /client" timestamp="2021-06-16T09:03:26" tests="1" file="C:\Users\Admin\Desktop\Programming\NodeJsMochaChai\test\tasks.js" time="0.0050" failures="0">
    <testcase name="Server API POST  New /client It should POST a new client with id 66" time="0.0050" classname="It should POST a new client with id 66">
    </testcase>
  </testsuite>
  <testsuite name="POST  New /client" timestamp="2021-06-16T09:03:26" tests="1" file="C:\Users\Admin\Desktop\Programming\NodeJsMochaChai\test\tasks.js" time="0.0050" failures="0">
    <testcase name="Server API POST  New /client It should POST a new client with id 67" time="0.0050" classname="It should POST a new client with id 67">
    </testcase>
  </testsuite>
  <testsuite name="POST  New /client" timestamp="2021-06-16T09:03:26" tests="1" file="C:\Users\Admin\Desktop\Programming\NodeJsMochaChai\test\tasks.js" time="0.0050" failures="0">
    <testcase name="Server API POST  New /client It should POST a new client with id 68" time="0.0050" classname="It should POST a new client with id 68">
    </testcase>
  </testsuite>
  <testsuite name="POST  New /client" timestamp="2021-06-16T09:03:26" tests="1" file="C:\Users\Admin\Desktop\Programming\NodeJsMochaChai\test\tasks.js" time="0.0040" failures="0">
    <testcase name="Server API POST  New /client It should POST a new client with id 69" time="0.0040" classname="It should POST a new client with id 69">
    </testcase>
  </testsuite>
  <testsuite name="POST  New /client" timestamp="2021-06-16T09:03:26" tests="1" file="C:\Users\Admin\Desktop\Programming\NodeJsMochaChai\test\tasks.js" time="0.0040" failures="0">
    <testcase name="Server API POST  New /client It should POST a new client with id 70" time="0.0040" classname="It should POST a new client with id 70">
    </testcase>
  </testsuite>
  <testsuite name="POST  New /client" timestamp="2021-06-16T09:03:26" tests="1" file="C:\Users\Admin\Desktop\Programming\NodeJsMochaChai\test\tasks.js" time="0.0050" failures="0">
    <testcase name="Server API POST  New /client It should POST a new client with id 71" time="0.0050" classname="It should POST a new client with id 71">
    </testcase>
  </testsuite>
  <testsuite name="POST  New /client" timestamp="2021-06-16T09:03:26" tests="1" file="C:\Users\Admin\Desktop\Programming\NodeJsMochaChai\test\tasks.js" time="0.0040" failures="0">
    <testcase name="Server API POST  New /client It should POST a new client with id 72" time="0.0040" classname="It should POST a new client with id 72">
    </testcase>
  </testsuite>
  <testsuite name="POST  New /client" timestamp="2021-06-16T09:03:26" tests="1" file="C:\Users\Admin\Desktop\Programming\NodeJsMochaChai\test\tasks.js" time="0.0050" failures="0">
    <testcase name="Server API POST  New /client It should POST a new client with id 73" time="0.0050" classname="It should POST a new client with id 73">
    </testcase>
  </testsuite>
  <testsuite name="POST  New /client" timestamp="2021-06-16T09:03:26" tests="1" file="C:\Users\Admin\Desktop\Programming\NodeJsMochaChai\test\tasks.js" time="0.0050" failures="0">
    <testcase name="Server API POST  New /client It should POST a new client with id 74" time="0.0050" classname="It should POST a new client with id 74">
    </testcase>
  </testsuite>
  <testsuite name="POST  New /client" timestamp="2021-06-16T09:03:26" tests="1" file="C:\Users\Admin\Desktop\Programming\NodeJsMochaChai\test\tasks.js" time="0.0050" failures="0">
    <testcase name="Server API POST  New /client It should POST a new client with id 75" time="0.0050" classname="It should POST a new client with id 75">
    </testcase>
  </testsuite>
  <testsuite name="POST  New /client" timestamp="2021-06-16T09:03:26" tests="1" file="C:\Users\Admin\Desktop\Programming\NodeJsMochaChai\test\tasks.js" time="0.0040" failures="0">
    <testcase name="Server API POST  New /client It should POST a new client with id 76" time="0.0040" classname="It should POST a new client with id 76">
    </testcase>
  </testsuite>
  <testsuite name="POST  New /client" timestamp="2021-06-16T09:03:26" tests="1" file="C:\Users\Admin\Desktop\Programming\NodeJsMochaChai\test\tasks.js" time="0.0040" failures="0">
    <testcase name="Server API POST  New /client It should POST a new client with id 77" time="0.0040" classname="It should POST a new client with id 77">
    </testcase>
  </testsuite>
  <testsuite name="POST  New /client" timestamp="2021-06-16T09:03:26" tests="1" file="C:\Users\Admin\Desktop\Programming\NodeJsMochaChai\test\tasks.js" time="0.0050" failures="0">
    <testcase name="Server API POST  New /client It should POST a new client with id 78" time="0.0050" classname="It should POST a new client with id 78">
    </testcase>
  </testsuite>
  <testsuite name="POST  New /client" timestamp="2021-06-16T09:03:26" tests="1" file="C:\Users\Admin\Desktop\Programming\NodeJsMochaChai\test\tasks.js" time="0.0050" failures="0">
    <testcase name="Server API POST  New /client It should POST a new client with id 79" time="0.0050" classname="It should POST a new client with id 79">
    </testcase>
  </testsuite>
  <testsuite name="POST  New /client" timestamp="2021-06-16T09:03:26" tests="1" file="C:\Users\Admin\Desktop\Programming\NodeJsMochaChai\test\tasks.js" time="0.0040" failures="0">
    <testcase name="Server API POST  New /client It should POST a new client with id 80" time="0.0040" classname="It should POST a new client with id 80">
    </testcase>
  </testsuite>
  <testsuite name="POST  New /client" timestamp="2021-06-16T09:03:26" tests="1" file="C:\Users\Admin\Desktop\Programming\NodeJsMochaChai\test\tasks.js" time="0.0050" failures="0">
    <testcase name="Server API POST  New /client It should POST a new client with id 81" time="0.0050" classname="It should POST a new client with id 81">
    </testcase>
  </testsuite>
  <testsuite name="POST  New /client" timestamp="2021-06-16T09:03:26" tests="1" file="C:\Users\Admin\Desktop\Programming\NodeJsMochaChai\test\tasks.js" time="0.0050" failures="0">
    <testcase name="Server API POST  New /client It should POST a new client with id 82" time="0.0050" classname="It should POST a new client with id 82">
    </testcase>
  </testsuite>
  <testsuite name="POST  New /client" timestamp="2021-06-16T09:03:26" tests="1" file="C:\Users\Admin\Desktop\Programming\NodeJsMochaChai\test\tasks.js" time="0.0040" failures="0">
    <testcase name="Server API POST  New /client It should POST a new client with id 83" time="0.0040" classname="It should POST a new client with id 83">
    </testcase>
  </testsuite>
  <testsuite name="POST  New /client" timestamp="2021-06-16T09:03:26" tests="1" file="C:\Users\Admin\Desktop\Programming\NodeJsMochaChai\test\tasks.js" time="0.0040" failures="0">
    <testcase name="Server API POST  New /client It should POST a new client with id 84" time="0.0040" classname="It should POST a new client with id 84">
    </testcase>
  </testsuite>
  <testsuite name="POST  New /client" timestamp="2021-06-16T09:03:26" tests="1" file="C:\Users\Admin\Desktop\Programming\NodeJsMochaChai\test\tasks.js" time="0.0050" failures="0">
    <testcase name="Server API POST  New /client It should POST a new client with id 85" time="0.0050" classname="It should POST a new client with id 85">
    </testcase>
  </testsuite>
  <testsuite name="POST  New /client" timestamp="2021-06-16T09:03:26" tests="1" file="C:\Users\Admin\Desktop\Programming\NodeJsMochaChai\test\tasks.js" time="0.0050" failures="0">
    <testcase name="Server API POST  New /client It should POST a new client with id 86" time="0.0050" classname="It should POST a new client with id 86">
    </testcase>
  </testsuite>
  <testsuite name="POST  New /client" timestamp="2021-06-16T09:03:26" tests="1" file="C:\Users\Admin\Desktop\Programming\NodeJsMochaChai\test\tasks.js" time="0.0050" failures="0">
    <testcase name="Server API POST  New /client It should POST a new client with id 87" time="0.0050" classname="It should POST a new client with id 87">
    </testcase>
  </testsuite>
  <testsuite name="POST  New /client" timestamp="2021-06-16T09:03:26" tests="1" file="C:\Users\Admin\Desktop\Programming\NodeJsMochaChai\test\tasks.js" time="0.0050" failures="0">
    <testcase name="Server API POST  New /client It should POST a new client with id 88" time="0.0050" classname="It should POST a new client with id 88">
    </testcase>
  </testsuite>
  <testsuite name="POST  New /client" timestamp="2021-06-16T09:03:26" tests="1" file="C:\Users\Admin\Desktop\Programming\NodeJsMochaChai\test\tasks.js" time="0.0040" failures="0">
    <testcase name="Server API POST  New /client It should POST a new client with id 89" time="0.0040" classname="It should POST a new client with id 89">
    </testcase>
  </testsuite>
  <testsuite name="POST  New /client" timestamp="2021-06-16T09:03:26" tests="1" file="C:\Users\Admin\Desktop\Programming\NodeJsMochaChai\test\tasks.js" time="0.0050" failures="0">
    <testcase name="Server API POST  New /client It should POST a new client with id 90" time="0.0050" classname="It should POST a new client with id 90">
    </testcase>
  </testsuite>
  <testsuite name="POST  New /client" timestamp="2021-06-16T09:03:26" tests="1" file="C:\Users\Admin\Desktop\Programming\NodeJsMochaChai\test\tasks.js" time="0.0050" failures="0">
    <testcase name="Server API POST  New /client It should POST a new client with id 91" time="0.0050" classname="It should POST a new client with id 91">
    </testcase>
  </testsuite>
  <testsuite name="POST  New /client" timestamp="2021-06-16T09:03:26" tests="1" file="C:\Users\Admin\Desktop\Programming\NodeJsMochaChai\test\tasks.js" time="0.0050" failures="0">
    <testcase name="Server API POST  New /client It should POST a new client with id 92" time="0.0050" classname="It should POST a new client with id 92">
    </testcase>
  </testsuite>
  <testsuite name="POST  New /client" timestamp="2021-06-16T09:03:26" tests="1" file="C:\Users\Admin\Desktop\Programming\NodeJsMochaChai\test\tasks.js" time="0.0040" failures="0">
    <testcase name="Server API POST  New /client It should POST a new client with id 93" time="0.0040" classname="It should POST a new client with id 93">
    </testcase>
  </testsuite>
  <testsuite name="POST  New /client" timestamp="2021-06-16T09:03:26" tests="1" file="C:\Users\Admin\Desktop\Programming\NodeJsMochaChai\test\tasks.js" time="0.0050" failures="0">
    <testcase name="Server API POST  New /client It should POST a new client with id 94" time="0.0050" classname="It should POST a new client with id 94">
    </testcase>
  </testsuite>
  <testsuite name="POST  New /client" timestamp="2021-06-16T09:03:26" tests="1" file="C:\Users\Admin\Desktop\Programming\NodeJsMochaChai\test\tasks.js" time="0.0040" failures="0">
    <testcase name="Server API POST  New /client It should POST a new client with id 95" time="0.0040" classname="It should POST a new client with id 95">
    </testcase>
  </testsuite>
  <testsuite name="POST  New /client" timestamp="2021-06-16T09:03:26" tests="1" file="C:\Users\Admin\Desktop\Programming\NodeJsMochaChai\test\tasks.js" time="0.0040" failures="0">
    <testcase name="Server API POST  New /client It should POST a new client with id 96" time="0.0040" classname="It should POST a new client with id 96">
    </testcase>
  </testsuite>
  <testsuite name="POST  New /client" timestamp="2021-06-16T09:03:26" tests="1" file="C:\Users\Admin\Desktop\Programming\NodeJsMochaChai\test\tasks.js" time="0.0040" failures="0">
    <testcase name="Server API POST  New /client It should POST a new client with id 97" time="0.0040" classname="It should POST a new client with id 97">
    </testcase>
  </testsuite>
  <testsuite name="POST  New /client" timestamp="2021-06-16T09:03:26" tests="1" file="C:\Users\Admin\Desktop\Programming\NodeJsMochaChai\test\tasks.js" time="0.0050" failures="0">
    <testcase name="Server API POST  New /client It should POST a new client with id 98" time="0.0050" classname="It should POST a new client with id 98">
    </testcase>
  </testsuite>
  <testsuite name="POST  New /client" timestamp="2021-06-16T09:03:26" tests="1" file="C:\Users\Admin\Desktop\Programming\NodeJsMochaChai\test\tasks.js" time="0.0050" failures="0">
    <testcase name="Server API POST  New /client It should POST a new client with id 99" time="0.0050" classname="It should POST a new client with id 99">
    </testcase>
  </testsuite>
  <testsuite name="POST  New /client" timestamp="2021-06-16T09:03:26" tests="1" file="C:\Users\Admin\Desktop\Programming\NodeJsMochaChai\test\tasks.js" time="0.0110" failures="1">
    <testcase name="Server API POST  New /client It should POST a new client with id 100" time="0.0110" classname="It should POST a new client with id 100">
      <failure message="expected { Object (_events, _eventsCount, ...) } to have status code 201 but got 400" type="AssertionError"><![CDATA[AssertionError: expected { Object (_events, _eventsCount, ...) } to have status code 201 but got 400
    at C:\Users\Admin\Desktop\Programming\NodeJsMochaChai\test\tasks.js:49:42
    at Test.Request.callback (node_modules\superagent\lib\node\index.js:716:12)
    at IncomingMessage.<anonymous> (node_modules\superagent\lib\node\index.js:916:18)
    at endReadableNT (internal/streams/readable.js:1327:12)
    at processTicksAndRejections (internal/process/task_queues.js:80:21)]]></failure>
    </testcase>
  </testsuite>
  <testsuite name="PATCH   /client/{id}" timestamp="2021-06-16T09:03:26" tests="1" file="C:\Users\Admin\Desktop\Programming\NodeJsMochaChai\test\tasks.js" time="0.0260" failures="0">
    <testcase name="Server API PATCH   /client/{id} Following data provided non existing id" time="0.0260" classname="Following data provided non existing id">
    </testcase>
  </testsuite>
  <testsuite name="PATCH   /client/{id}" timestamp="2021-06-16T09:03:26" tests="1" file="C:\Users\Admin\Desktop\Programming\NodeJsMochaChai\test\tasks.js" time="0.0060" failures="0">
    <testcase name="Server API PATCH   /client/{id} Following data provided empty body" time="0.0060" classname="Following data provided empty body">
    </testcase>
  </testsuite>
  <testsuite name="PATCH   /client/{id}" timestamp="2021-06-16T09:03:26" tests="1" file="C:\Users\Admin\Desktop\Programming\NodeJsMochaChai\test\tasks.js" time="0.0070" failures="0">
    <testcase name="Server API PATCH   /client/{id} Following data provided unwanted key" time="0.0070" classname="Following data provided unwanted key">
    </testcase>
  </testsuite>
  <testsuite name="PATCH   /client/{id}" timestamp="2021-06-16T09:03:26" tests="1" file="C:\Users\Admin\Desktop\Programming\NodeJsMochaChai\test\tasks.js" time="0.1390" failures="1">
    <testcase name="Server API PATCH   /client/{id} Following data provided name is not string" time="0.1390" classname="Following data provided name is not string">
      <failure message="expected { Object (_events, _eventsCount, ...) } to have status code &apos;400&apos; but got 500" type="AssertionError"><![CDATA[AssertionError: expected { Object (_events, _eventsCount, ...) } to have status code '400' but got 500
    at C:\Users\Admin\Desktop\Programming\NodeJsMochaChai\test\tasks.js:70:42
    at Test.Request.callback (node_modules\superagent\lib\node\index.js:716:12)
    at C:\Users\Admin\Desktop\Programming\NodeJsMochaChai\node_modules\superagent\lib\node\index.js:916:18
    at IncomingMessage.<anonymous> (node_modules\superagent\lib\node\parsers\json.js:19:7)
    at endReadableNT (internal/streams/readable.js:1327:12)
    at processTicksAndRejections (internal/process/task_queues.js:80:21)]]></failure>
    </testcase>
  </testsuite>
  <testsuite name="PATCH   /client/{id}" timestamp="2021-06-16T09:03:26" tests="1" file="C:\Users\Admin\Desktop\Programming\NodeJsMochaChai\test\tasks.js" time="0.0520" failures="1">
    <testcase name="Server API PATCH   /client/{id} Following data provided surname is not string" time="0.0520" classname="Following data provided surname is not string">
      <failure message="expected { Object (_events, _eventsCount, ...) } to have status code &apos;400&apos; but got 202" type="AssertionError"><![CDATA[AssertionError: expected { Object (_events, _eventsCount, ...) } to have status code '400' but got 202
    at C:\Users\Admin\Desktop\Programming\NodeJsMochaChai\test\tasks.js:70:42
    at Test.Request.callback (node_modules\superagent\lib\node\index.js:716:12)
    at IncomingMessage.<anonymous> (node_modules\superagent\lib\node\index.js:916:18)
    at endReadableNT (internal/streams/readable.js:1327:12)
    at processTicksAndRejections (internal/process/task_queues.js:80:21)]]></failure>
    </testcase>
  </testsuite>
  <testsuite name="PATCH   /client/{id}" timestamp="2021-06-16T09:03:26" tests="1" file="C:\Users\Admin\Desktop\Programming\NodeJsMochaChai\test\tasks.js" time="0.0260" failures="1">
    <testcase name="Server API PATCH   /client/{id} Following data provided email is not string" time="0.0260" classname="Following data provided email is not string">
      <failure message="expected { Object (_events, _eventsCount, ...) } to have status code &apos;400&apos; but got 500" type="AssertionError"><![CDATA[AssertionError: expected { Object (_events, _eventsCount, ...) } to have status code '400' but got 500
    at C:\Users\Admin\Desktop\Programming\NodeJsMochaChai\test\tasks.js:70:42
    at Test.Request.callback (node_modules\superagent\lib\node\index.js:716:12)
    at C:\Users\Admin\Desktop\Programming\NodeJsMochaChai\node_modules\superagent\lib\node\index.js:916:18
    at IncomingMessage.<anonymous> (node_modules\superagent\lib\node\parsers\json.js:19:7)
    at endReadableNT (internal/streams/readable.js:1327:12)
    at processTicksAndRejections (internal/process/task_queues.js:80:21)]]></failure>
    </testcase>
  </testsuite>
  <testsuite name="PATCH   /client/{id}" timestamp="2021-06-16T09:03:26" tests="1" file="C:\Users\Admin\Desktop\Programming\NodeJsMochaChai\test\tasks.js" time="0.0340" failures="0">
    <testcase name="Server API PATCH   /client/{id} Following data provided name is missing" time="0.0340" classname="Following data provided name is missing">
    </testcase>
  </testsuite>
  <testsuite name="PATCH   /client/{id}" timestamp="2021-06-16T09:03:26" tests="1" file="C:\Users\Admin\Desktop\Programming\NodeJsMochaChai\test\tasks.js" time="0.0420" failures="1">
    <testcase name="Server API PATCH   /client/{id} Following data provided surname is missing" time="0.0420" classname="Following data provided surname is missing">
      <failure message="expected { Object (_events, _eventsCount, ...) } to have status code &apos;400&apos; but got 202" type="AssertionError"><![CDATA[AssertionError: expected { Object (_events, _eventsCount, ...) } to have status code '400' but got 202
    at C:\Users\Admin\Desktop\Programming\NodeJsMochaChai\test\tasks.js:70:42
    at Test.Request.callback (node_modules\superagent\lib\node\index.js:716:12)
    at IncomingMessage.<anonymous> (node_modules\superagent\lib\node\index.js:916:18)
    at endReadableNT (internal/streams/readable.js:1327:12)
    at processTicksAndRejections (internal/process/task_queues.js:80:21)]]></failure>
    </testcase>
  </testsuite>
  <testsuite name="PATCH   /client/{id}" timestamp="2021-06-16T09:03:26" tests="1" file="C:\Users\Admin\Desktop\Programming\NodeJsMochaChai\test\tasks.js" time="0.0360" failures="0">
    <testcase name="Server API PATCH   /client/{id} Following data provided email is missing" time="0.0360" classname="Following data provided email is missing">
    </testcase>
  </testsuite>
  <testsuite name="PATCH   /client/{id}" timestamp="2021-06-16T09:03:26" tests="1" file="C:\Users\Admin\Desktop\Programming\NodeJsMochaChai\test\tasks.js" time="0.0380" failures="0">
    <testcase name="Server API PATCH   /client/{id} Following data provided email is wrong format" time="0.0380" classname="Following data provided email is wrong format">
    </testcase>
  </testsuite>
  <testsuite name="PATCH   /client/{id}" timestamp="2021-06-16T09:03:26" tests="1" file="C:\Users\Admin\Desktop\Programming\NodeJsMochaChai\test\tasks.js" time="0.0090" failures="0">
    <testcase name="Server API PATCH   /client/{id} Following data provided try to update id" time="0.0090" classname="Following data provided try to update id">
    </testcase>
  </testsuite>
  <testsuite name="PATCH   /client/{id}" timestamp="2021-06-16T09:03:26" tests="1" file="C:\Users\Admin\Desktop\Programming\NodeJsMochaChai\test\tasks.js" time="0.0370" failures="0">
    <testcase name="Server API PATCH   /client/{id} Following data provided Successfull patch 1 field" time="0.0370" classname="Following data provided Successfull patch 1 field">
    </testcase>
  </testsuite>
  <testsuite name="PATCH   /client/{id}" timestamp="2021-06-16T09:03:26" tests="1" file="C:\Users\Admin\Desktop\Programming\NodeJsMochaChai\test\tasks.js" time="0.0410" failures="0">
    <testcase name="Server API PATCH   /client/{id} Following data provided Successfull patch all fields" time="0.0410" classname="Following data provided Successfull patch all fields">
    </testcase>
  </testsuite>
  <testsuite name="GET   /client/{id}" timestamp="2021-06-16T09:03:26" tests="1" file="C:\Users\Admin\Desktop\Programming\NodeJsMochaChai\test\tasks.js" time="0.0170" failures="1">
    <testcase name="Server API GET   /client/{id} Following data provided non existing id" time="0.0170" classname="Following data provided non existing id">
      <failure message="expected { Object (_events, _eventsCount, ...) } to have status code 404 but got 500" type="AssertionError"><![CDATA[AssertionError: expected { Object (_events, _eventsCount, ...) } to have status code 404 but got 500
    at C:\Users\Admin\Desktop\Programming\NodeJsMochaChai\test\tasks.js:89:42
    at Test.Request.callback (node_modules\superagent\lib\node\index.js:716:12)
    at IncomingMessage.<anonymous> (node_modules\superagent\lib\node\index.js:916:18)
    at endReadableNT (internal/streams/readable.js:1327:12)
    at processTicksAndRejections (internal/process/task_queues.js:80:21)]]></failure>
    </testcase>
  </testsuite>
  <testsuite name="GET   /client/{id}" timestamp="2021-06-16T09:03:26" tests="1" file="C:\Users\Admin\Desktop\Programming\NodeJsMochaChai\test\tasks.js" time="0.0330" failures="1">
    <testcase name="Server API GET   /client/{id} Following data provided Existing id with correct patched data" time="0.0330" classname="Following data provided Existing id with correct patched data">
      <failure message="expected &apos;Surname 0&apos; to include 1" type="AssertionError"><![CDATA[AssertionError: expected 'Surname 0' to include 1
    at C:\Users\Admin\Desktop\Programming\NodeJsMochaChai\test\tasks.js:97:54
    at Test.Request.callback (node_modules\superagent\lib\node\index.js:716:12)
    at C:\Users\Admin\Desktop\Programming\NodeJsMochaChai\node_modules\superagent\lib\node\index.js:916:18
    at IncomingMessage.<anonymous> (node_modules\superagent\lib\node\parsers\json.js:19:7)
    at endReadableNT (internal/streams/readable.js:1327:12)
    at processTicksAndRejections (internal/process/task_queues.js:80:21)]]></failure>
    </testcase>
  </testsuite>
  <testsuite name="GET   /client/{id}" timestamp="2021-06-16T09:03:26" tests="1" file="C:\Users\Admin\Desktop\Programming\NodeJsMochaChai\test\tasks.js" time="0.0140" failures="0">
    <testcase name="Server API GET   /client/{id} Following data provided Existing id with correct not patched  data" time="0.0140" classname="Following data provided Existing id with correct not patched  data">
    </testcase>
  </testsuite>
</testsuites>